2025-04-30 10:02:34.507676: I tensorflow/core/util/port.cc:153] oneDNN custom operations are on. You may see slightly different numerical results due to floating-point round-off errors from different computation orders. To turn them off, set the environment variable `TF_ENABLE_ONEDNN_OPTS=0`.
2025-04-30 10:02:34.521942: E external/local_xla/xla/stream_executor/cuda/cuda_fft.cc:467] Unable to register cuFFT factory: Attempting to register factory for plugin cuFFT when one has already been registered
WARNING: All log messages before absl::InitializeLog() is called are written to STDERR
E0000 00:00:1746000154.537511   35259 cuda_dnn.cc:8579] Unable to register cuDNN factory: Attempting to register factory for plugin cuDNN when one has already been registered
E0000 00:00:1746000154.542388   35259 cuda_blas.cc:1407] Unable to register cuBLAS factory: Attempting to register factory for plugin cuBLAS when one has already been registered
W0000 00:00:1746000154.555461   35259 computation_placer.cc:177] computation placer already registered. Please check linkage and avoid linking the same target more than once.
W0000 00:00:1746000154.555491   35259 computation_placer.cc:177] computation placer already registered. Please check linkage and avoid linking the same target more than once.
W0000 00:00:1746000154.555498   35259 computation_placer.cc:177] computation placer already registered. Please check linkage and avoid linking the same target more than once.
W0000 00:00:1746000154.555503   35259 computation_placer.cc:177] computation placer already registered. Please check linkage and avoid linking the same target more than once.
2025-04-30 10:02:34.559724: I tensorflow/core/platform/cpu_feature_guard.cc:210] This TensorFlow binary is optimized to use available CPU instructions in performance-critical operations.
To enable the following instructions: AVX2 AVX512F AVX512_VNNI FMA, in other operations, rebuild TensorFlow with the appropriate compiler flags.
A new version of Albumentations is available: '2.0.6' (you have '2.0.5'). Upgrade using: pip install -U albumentations. To disable automatic update checks, set the environment variable NO_ALBUMENTATIONS_UPDATE to 1.
Traceback (most recent call last):
  File "/cluster/home/mariulie/Documents/TDT4265/3D/UNet-segmentation-MRI/main.py", line 82, in <module>
    run_training(UNET3D, data_loader3D, get_3d_augmentation)
  File "/cluster/home/mariulie/Documents/TDT4265/3D/UNet-segmentation-MRI/main.py", line 48, in run_training
    train_loader, val_loader = data_loader_fn(
                               ^^^^^^^^^^^^^^^
  File "/cluster/home/mariulie/Documents/TDT4265/3D/UNet-segmentation-MRI/utils.py", line 83, in data_loader3D
    train_loader = DataLoader(train_dataset, batch_size=batch_size, shuffle=True, num_workers=1, pin_memory=True)
                   ^^^^^^^^^^^^^^^^^^^^^^^^^^^^^^^^^^^^^^^^^^^^^^^^^^^^^^^^^^^^^^^^^^^^^^^^^^^^^^^^^^^^^^^^^^^^^^
  File "/cluster/home/mariulie/.conda/envs/miniProj/lib/python3.12/site-packages/torch/utils/data/dataloader.py", line 383, in __init__
    sampler = RandomSampler(dataset, generator=generator)  # type: ignore[arg-type]
              ^^^^^^^^^^^^^^^^^^^^^^^^^^^^^^^^^^^^^^^^^^^
  File "/cluster/home/mariulie/.conda/envs/miniProj/lib/python3.12/site-packages/torch/utils/data/sampler.py", line 165, in __init__
    raise ValueError(
ValueError: num_samples should be a positive integer value, but got num_samples=0
