/cluster/home/mariulie/.conda/envs/miniProj/lib/python3.12/site-packages/albumentations/__init__.py:28: UserWarning: A new version of Albumentations is available: '2.0.6' (you have '2.0.5'). Upgrade using: pip install -U albumentations. To disable automatic update checks, set the environment variable NO_ALBUMENTATIONS_UPDATE to 1.
  check_for_updates()
2025-04-30 10:29:14.688645: I tensorflow/core/util/port.cc:153] oneDNN custom operations are on. You may see slightly different numerical results due to floating-point round-off errors from different computation orders. To turn them off, set the environment variable `TF_ENABLE_ONEDNN_OPTS=0`.
2025-04-30 10:29:14.702380: E external/local_xla/xla/stream_executor/cuda/cuda_fft.cc:467] Unable to register cuFFT factory: Attempting to register factory for plugin cuFFT when one has already been registered
WARNING: All log messages before absl::InitializeLog() is called are written to STDERR
E0000 00:00:1746001754.718650   38975 cuda_dnn.cc:8579] Unable to register cuDNN factory: Attempting to register factory for plugin cuDNN when one has already been registered
E0000 00:00:1746001754.723655   38975 cuda_blas.cc:1407] Unable to register cuBLAS factory: Attempting to register factory for plugin cuBLAS when one has already been registered
W0000 00:00:1746001754.736901   38975 computation_placer.cc:177] computation placer already registered. Please check linkage and avoid linking the same target more than once.
W0000 00:00:1746001754.736934   38975 computation_placer.cc:177] computation placer already registered. Please check linkage and avoid linking the same target more than once.
W0000 00:00:1746001754.736941   38975 computation_placer.cc:177] computation placer already registered. Please check linkage and avoid linking the same target more than once.
W0000 00:00:1746001754.736946   38975 computation_placer.cc:177] computation placer already registered. Please check linkage and avoid linking the same target more than once.
2025-04-30 10:29:14.741097: I tensorflow/core/platform/cpu_feature_guard.cc:210] This TensorFlow binary is optimized to use available CPU instructions in performance-critical operations.
To enable the following instructions: AVX2 AVX512F AVX512_VNNI FMA, in other operations, rebuild TensorFlow with the appropriate compiler flags.
  0%|          | 0/1174 [00:00<?, ?it/s]  0%|          | 0/1174 [00:10<?, ?it/s]
Traceback (most recent call last):
  File "/cluster/home/mariulie/Documents/TDT4265/UNet-segmentation-MRI/twoD/main.py", line 135, in <module>
    main()
  File "/cluster/home/mariulie/Documents/TDT4265/UNet-segmentation-MRI/twoD/main.py", line 84, in main
    trainer.train()
  File "/cluster/home/mariulie/Documents/TDT4265/UNet-segmentation-MRI/twoD/train.py", line 104, in train
    avg_loss = self.train_batch()
               ^^^^^^^^^^^^^^^^^^
  File "/cluster/home/mariulie/Documents/TDT4265/UNet-segmentation-MRI/twoD/train.py", line 65, in train_batch
    img_batch, mask_batch= img_batch("cuda"), mask_batch("cuda")
                           ^^^^^^^^^^^^^^^^^
TypeError: 'Tensor' object is not callable
